---
http_interactions:
- request:
    method: get
    uri: https://test-insight.bitpay.com/api/status
    body:
      encoding: US-ASCII
      string: ''
    headers:
      User-Agent:
      - Faraday v0.14.0
      Content-Type:
      - application/json
      Accept-Encoding:
      - gzip;q=1.0,deflate;q=0.6,identity;q=0.3
      Accept:
      - "*/*"
  response:
    status:
      code: 200
      message: OK
    headers:
      Date:
      - Fri, 23 Feb 2018 10:34:16 GMT
      Content-Type:
      - application/json; charset=utf-8
      Transfer-Encoding:
      - chunked
      Connection:
      - keep-alive
      Set-Cookie:
      - __cfduid=d5744b0aa50a8822048d746aa1d64d3ea1519382056; expires=Sat, 23-Feb-19
        10:34:16 GMT; path=/; domain=.bitpay.com; HttpOnly
      X-Powered-By:
      - Express
      X-Ratelimit-Limit:
      - '10800'
      X-Ratelimit-Remaining:
      - '10778'
      Access-Control-Allow-Origin:
      - "*"
      Access-Control-Allow-Methods:
      - GET, HEAD, PUT, POST, OPTIONS
      Access-Control-Allow-Headers:
      - Origin, X-Requested-With, Content-Type, Accept, Content-Length, Cache-Control,
        cf-connecting-ip
      Cache-Control:
      - public, max-age=30
      X-Content-Type-Options:
      - nosniff
      Etag:
      - W/"127-YYqUhBfi0Q1QnVzncPxxhQ"
      Vary:
      - Accept-Encoding
      Cf-Cache-Status:
      - HIT
      Expect-Ct:
      - max-age=604800, report-uri="https://report-uri.cloudflare.com/cdn-cgi/beacon/expect-ct"
      Server:
      - cloudflare
      Cf-Ray:
      - 3f1988203d8269dd-LHR
    body:
      encoding: ASCII-8BIT
      string: '{"info":{"version":120100,"protocolversion":70012,"blocks":1284565,"timeoffset":0,"connections":122,"proxy":"","difficulty":1549169.053332807,"testnet":true,"relayfee":0.00001,"errors":"Warning:
        Unknown block versions being mined! It''s possible unknown rules are in effect","network":"testnet"}}'
    http_version: 
  recorded_at: Fri, 23 Feb 2018 10:34:17 GMT
- request:
    method: get
    uri: https://www.bitstamp.net/api/ticker/
    body:
      encoding: US-ASCII
      string: ''
    headers:
      Accept-Encoding:
      - gzip;q=1.0,deflate;q=0.6,identity;q=0.3
      Accept:
      - "*/*"
      User-Agent:
      - Ruby
  response:
    status:
      code: 200
      message: OK
    headers:
      Etag:
      - '"614f3-c7-565deb3afc4b3"'
      Last-Modified:
      - Fri, 23 Feb 2018 10:34:15 GMT
      Content-Type:
      - application/json
      Content-Length:
      - '147'
      Connection:
      - keep-alive
      Cache-Control:
      - max-age=2, public
      Expires:
      - Fri, 23 Feb 2018 10:34:19 GMT
      Date:
      - Fri, 23 Feb 2018 10:34:17 GMT
      Set-Cookie:
      - incap_ses_713_99025=e8IJVn34BkvbWK3CBRblCSnuj1oAAAAAW4V/4aqNxjEaGmqosUyY3g==;
        path=/; Domain=.bitstamp.net
      - visid_incap_99025=MrPYua2AQIOwc0EbYd2lyinuj1oAAAAAQUIPAAAAAADp5RGYmpjeL9odFjfd98+H;
        expires=Sat, 23 Feb 2019 09:16:32 GMT; path=/; Domain=.bitstamp.net
      X-Iinfo:
      - 14-7108836-7099969 2CNN RT(1519382056556 587) q(0 0 0 -1) r(0 0)
      X-Cdn:
      - Incapsula
    body:
      encoding: ASCII-8BIT
      string: '{"high": "10330.49000000", "last": "10123.20", "timestamp": "1519382054",
        "bid": "10123.29", "vwap": "9924.53", "volume": "18916.79762808", "low": "9600.00000000",
        "ask": "10135.39", "open": 9843.33}'
    http_version: 
  recorded_at: Fri, 23 Feb 2018 10:34:18 GMT
- request:
    method: get
    uri: http://api.fixer.io/latest?base=USD
    body:
      encoding: US-ASCII
      string: ''
    headers:
      Accept-Encoding:
      - gzip;q=1.0,deflate;q=0.6,identity;q=0.3
      Accept:
      - "*/*"
      User-Agent:
      - Ruby
  response:
    status:
      code: 200
      message: OK
    headers:
      Server:
      - nginx/1.13.8
      Date:
      - Fri, 23 Feb 2018 10:34:18 GMT
      Content-Type:
      - application/json
      Content-Length:
      - '461'
      Connection:
      - keep-alive
      Cache-Control:
      - public, must-revalidate, max-age=900
      Last-Modified:
      - Thu, 22 Feb 2018 00:00:00 GMT
      Vary:
      - Origin
      X-Content-Type-Options:
      - nosniff
    body:
      encoding: UTF-8
      string: '{"base":"USD","date":"2018-02-22","rates":{"AUD":1.2788,"BGN":1.5932,"BRL":3.2705,"CAD":1.2699,"CHF":0.93744,"CNY":6.3608,"CZK":20.622,"DKK":6.0657,"EUR":0.8146,"GBP":0.71964,"HKD":7.8249,"HRK":6.0643,"HUF":254.72,"IDR":13711.0,"ILS":3.4975,"INR":65.078,"ISK":100.93,"JPY":107.1,"KRW":1084.5,"MXN":18.795,"MYR":3.9192,"NOK":7.8929,"NZD":1.3653,"PHP":52.062,"PLN":3.4066,"RON":3.7924,"RUB":56.755,"SEK":8.143,"SGD":1.3223,"THB":31.575,"TRY":3.7999,"ZAR":11.717}}'
    http_version: 
  recorded_at: Fri, 23 Feb 2018 10:34:18 GMT
- request:
    method: get
    uri: https://www.bitstamp.net/api/ticker/
    body:
      encoding: US-ASCII
      string: ''
    headers:
      Accept-Encoding:
      - gzip;q=1.0,deflate;q=0.6,identity;q=0.3
      Accept:
      - "*/*"
      User-Agent:
      - Ruby
  response:
    status:
      code: 200
      message: OK
    headers:
      Etag:
      - W/"614f3-c7-565deb3db756f"
      Last-Modified:
      - Fri, 23 Feb 2018 10:34:18 GMT
      Content-Type:
      - application/json
      Content-Length:
      - '149'
      Connection:
      - keep-alive
      Cache-Control:
      - max-age=2, public
      Expires:
      - Fri, 23 Feb 2018 10:34:21 GMT
      Date:
      - Fri, 23 Feb 2018 10:34:19 GMT
      Set-Cookie:
      - incap_ses_706_99025=2HKFJ/KDRCL3XR9BjzfMCSruj1oAAAAA8OejtRKIQTbnmX3XSEKwjg==;
        path=/; Domain=.bitstamp.net
      - visid_incap_99025=o869fqqERhOQkEDVUbCBliruj1oAAAAAQUIPAAAAAAAB5ZjTVB+nNTBPNEz4eHnm;
        expires=Sat, 23 Feb 2019 07:41:52 GMT; path=/; Domain=.bitstamp.net
      X-Iinfo:
      - 14-4197016-4185947 2CNN RT(1519382058382 602) q(0 0 0 -1) r(0 0)
      X-Cdn:
      - Incapsula
    body:
      encoding: ASCII-8BIT
      string: '{"high": "10330.49000000", "last": "10123.20", "timestamp": "1519382058",
        "bid": "10114.46", "vwap": "9924.53", "volume": "18916.79762808", "low": "9600.00000000",
        "ask": "10136.02", "open": 9843.33}'
    http_version: 
  recorded_at: Fri, 23 Feb 2018 10:34:19 GMT
recorded_with: VCR 4.0.0
