---
http_interactions:
- request:
    method: get
    uri: https://test-insight.bitpay.com/api/status
    body:
      encoding: US-ASCII
      string: ''
    headers:
      User-Agent:
      - Faraday v0.14.0
      Content-Type:
      - application/json
      Accept-Encoding:
      - gzip;q=1.0,deflate;q=0.6,identity;q=0.3
      Accept:
      - "*/*"
  response:
    status:
      code: 200
      message: OK
    headers:
      Date:
      - Fri, 23 Feb 2018 10:34:24 GMT
      Content-Type:
      - application/json; charset=utf-8
      Transfer-Encoding:
      - chunked
      Connection:
      - keep-alive
      Set-Cookie:
      - __cfduid=df3b62d498d4eb80e7d2a81d8fd3bf23c1519382064; expires=Sat, 23-Feb-19
        10:34:24 GMT; path=/; domain=.bitpay.com; HttpOnly
      X-Powered-By:
      - Express
      X-Ratelimit-Limit:
      - '10800'
      X-Ratelimit-Remaining:
      - '10778'
      Access-Control-Allow-Origin:
      - "*"
      Access-Control-Allow-Methods:
      - GET, HEAD, PUT, POST, OPTIONS
      Access-Control-Allow-Headers:
      - Origin, X-Requested-With, Content-Type, Accept, Content-Length, Cache-Control,
        cf-connecting-ip
      Cache-Control:
      - public, max-age=30
      X-Content-Type-Options:
      - nosniff
      Etag:
      - W/"127-YYqUhBfi0Q1QnVzncPxxhQ"
      Vary:
      - Accept-Encoding
      Cf-Cache-Status:
      - HIT
      Expect-Ct:
      - max-age=604800, report-uri="https://report-uri.cloudflare.com/cdn-cgi/beacon/expect-ct"
      Server:
      - cloudflare
      Cf-Ray:
      - 3f19884e5c726b67-LHR
    body:
      encoding: ASCII-8BIT
      string: '{"info":{"version":120100,"protocolversion":70012,"blocks":1284565,"timeoffset":0,"connections":122,"proxy":"","difficulty":1549169.053332807,"testnet":true,"relayfee":0.00001,"errors":"Warning:
        Unknown block versions being mined! It''s possible unknown rules are in effect","network":"testnet"}}'
    http_version: 
  recorded_at: Fri, 23 Feb 2018 10:34:24 GMT
- request:
    method: get
    uri: https://www.okcoin.com/api/ticker.do?ok=1
    body:
      encoding: US-ASCII
      string: ''
    headers:
      Accept-Encoding:
      - gzip;q=1.0,deflate;q=0.6,identity;q=0.3
      Accept:
      - "*/*"
      User-Agent:
      - Ruby
  response:
    status:
      code: 200
      message: OK
    headers:
      Date:
      - Fri, 23 Feb 2018 10:34:28 GMT
      Content-Type:
      - text/html;charset=UTF-8
      Transfer-Encoding:
      - chunked
      Connection:
      - keep-alive
      Set-Cookie:
      - __cfduid=dc8bfb779da9fcb83f89527698e3657041519382068; expires=Sat, 23-Feb-19
        10:34:28 GMT; path=/; domain=.okcoin.com; HttpOnly
      - coin_session_id_o=84ef18cb-06cd-4171-b358-4ac0b4c9f930kWXt; Domain=okcoin.com;
        Path=/; Secure; HttpOnly
      - language=1; Expires=Fri, 02-Mar-2018 10:34:28 GMT; Path=/
      Cache-Control:
      - no-store
      Expires:
      - Thu, 01 Jan 1970 00:00:00 GMT
      Pragma:
      - no-cache
      Expect-Ct:
      - max-age=604800, report-uri="https://report-uri.cloudflare.com/cdn-cgi/beacon/expect-ct"
      Server:
      - cloudflare
      Cf-Ray:
      - 3f198867de1934ca-LHR
    body:
      encoding: ASCII-8BIT
      string: '{"date":"1519382068","ticker":{"high":"10974.02","vol":"174.7932","last":"10802.42","low":"10310.0","buy":"10802.56","sell":"10865.53","change":"+77.38","changeRate":"+0.72%"}}'
    http_version: 
  recorded_at: Fri, 23 Feb 2018 10:34:28 GMT
- request:
    method: get
    uri: http://api.fixer.io/latest?base=USD
    body:
      encoding: US-ASCII
      string: ''
    headers:
      Accept-Encoding:
      - gzip;q=1.0,deflate;q=0.6,identity;q=0.3
      Accept:
      - "*/*"
      User-Agent:
      - Ruby
  response:
    status:
      code: 200
      message: OK
    headers:
      Server:
      - nginx/1.13.8
      Date:
      - Fri, 23 Feb 2018 10:34:29 GMT
      Content-Type:
      - application/json
      Content-Length:
      - '461'
      Connection:
      - keep-alive
      Cache-Control:
      - public, must-revalidate, max-age=900
      Last-Modified:
      - Thu, 22 Feb 2018 00:00:00 GMT
      Vary:
      - Origin
      X-Content-Type-Options:
      - nosniff
    body:
      encoding: UTF-8
      string: '{"base":"USD","date":"2018-02-22","rates":{"AUD":1.2788,"BGN":1.5932,"BRL":3.2705,"CAD":1.2699,"CHF":0.93744,"CNY":6.3608,"CZK":20.622,"DKK":6.0657,"EUR":0.8146,"GBP":0.71964,"HKD":7.8249,"HRK":6.0643,"HUF":254.72,"IDR":13711.0,"ILS":3.4975,"INR":65.078,"ISK":100.93,"JPY":107.1,"KRW":1084.5,"MXN":18.795,"MYR":3.9192,"NOK":7.8929,"NZD":1.3653,"PHP":52.062,"PLN":3.4066,"RON":3.7924,"RUB":56.755,"SEK":8.143,"SGD":1.3223,"THB":31.575,"TRY":3.7999,"ZAR":11.717}}'
    http_version: 
  recorded_at: Fri, 23 Feb 2018 10:34:29 GMT
- request:
    method: get
    uri: https://www.okcoin.com/api/ticker.do?ok=1
    body:
      encoding: US-ASCII
      string: ''
    headers:
      Accept-Encoding:
      - gzip;q=1.0,deflate;q=0.6,identity;q=0.3
      Accept:
      - "*/*"
      User-Agent:
      - Ruby
  response:
    status:
      code: 200
      message: OK
    headers:
      Date:
      - Fri, 23 Feb 2018 10:34:30 GMT
      Content-Type:
      - text/html;charset=UTF-8
      Transfer-Encoding:
      - chunked
      Connection:
      - keep-alive
      Set-Cookie:
      - __cfduid=d42c1cf7dcc2628ca4ea2e73ebeac634f1519382069; expires=Sat, 23-Feb-19
        10:34:29 GMT; path=/; domain=.okcoin.com; HttpOnly
      - coin_session_id_o=afc0962b-8c9e-48c2-9d63-ee91ecb69ea5vCaI; Domain=okcoin.com;
        Path=/; Secure; HttpOnly
      - language=1; Expires=Fri, 02-Mar-2018 10:34:30 GMT; Path=/
      Cache-Control:
      - no-store
      Expires:
      - Thu, 01 Jan 1970 00:00:00 GMT
      Pragma:
      - no-cache
      Expect-Ct:
      - max-age=604800, report-uri="https://report-uri.cloudflare.com/cdn-cgi/beacon/expect-ct"
      Server:
      - cloudflare
      Cf-Ray:
      - 3f198870de6b34c4-LHR
    body:
      encoding: ASCII-8BIT
      string: '{"date":"1519382070","ticker":{"high":"10974.02","vol":"174.7932","last":"10802.42","low":"10310.0","buy":"10802.6","sell":"10865.53","change":"+77.38","changeRate":"+0.72%"}}'
    http_version: 
  recorded_at: Fri, 23 Feb 2018 10:34:30 GMT
recorded_with: VCR 4.0.0
