---
http_interactions:
- request:
    method: get
    uri: https://test-insight.bitpay.com/api/status
    body:
      encoding: US-ASCII
      string: ''
    headers:
      User-Agent:
      - Faraday v0.14.0
      Content-Type:
      - application/json
      Accept-Encoding:
      - gzip;q=1.0,deflate;q=0.6,identity;q=0.3
      Accept:
      - "*/*"
  response:
    status:
      code: 200
      message: OK
    headers:
      Date:
      - Fri, 23 Feb 2018 10:33:04 GMT
      Content-Type:
      - application/json; charset=utf-8
      Transfer-Encoding:
      - chunked
      Connection:
      - keep-alive
      Set-Cookie:
      - __cfduid=d959966a511a012f913fdf8f10f7532b81519381984; expires=Sat, 23-Feb-19
        10:33:04 GMT; path=/; domain=.bitpay.com; HttpOnly
      X-Powered-By:
      - Express
      X-Ratelimit-Limit:
      - '10800'
      X-Ratelimit-Remaining:
      - '10780'
      Access-Control-Allow-Origin:
      - "*"
      Access-Control-Allow-Methods:
      - GET, HEAD, PUT, POST, OPTIONS
      Access-Control-Allow-Headers:
      - Origin, X-Requested-With, Content-Type, Accept, Content-Length, Cache-Control,
        cf-connecting-ip
      Cache-Control:
      - public, max-age=30
      X-Content-Type-Options:
      - nosniff
      Etag:
      - W/"127-Jr6Vaj36s+YWbUwOMfZIkA"
      Vary:
      - Accept-Encoding
      Cf-Cache-Status:
      - HIT
      Expect-Ct:
      - max-age=604800, report-uri="https://report-uri.cloudflare.com/cdn-cgi/beacon/expect-ct"
      Server:
      - cloudflare
      Cf-Ray:
      - 3f19865c8bc66b8b-LHR
    body:
      encoding: ASCII-8BIT
      string: '{"info":{"version":120100,"protocolversion":70012,"blocks":1284564,"timeoffset":0,"connections":122,"proxy":"","difficulty":1549169.053332807,"testnet":true,"relayfee":0.00001,"errors":"Warning:
        Unknown block versions being mined! It''s possible unknown rules are in effect","network":"testnet"}}'
    http_version: 
  recorded_at: Fri, 23 Feb 2018 10:33:05 GMT
- request:
    method: get
    uri: https://api.kraken.com/0/public/Ticker?pair=xbtusd
    body:
      encoding: US-ASCII
      string: ''
    headers:
      Accept-Encoding:
      - gzip;q=1.0,deflate;q=0.6,identity;q=0.3
      Accept:
      - "*/*"
      User-Agent:
      - Ruby
  response:
    status:
      code: 200
      message: OK
    headers:
      Date:
      - Fri, 23 Feb 2018 10:33:06 GMT
      Content-Type:
      - application/json; charset=utf-8
      Transfer-Encoding:
      - chunked
      Connection:
      - keep-alive
      Set-Cookie:
      - __cfduid=d21f741120627f209d8905b6d75642e4c1519381985; expires=Sat, 23-Feb-19
        10:33:05 GMT; path=/; domain=.kraken.com; HttpOnly
      Cache-Control:
      - no-cache,max-age=0
      Vary:
      - Accept-Encoding
      Cf-Cache-Status:
      - EXPIRED
      Expect-Ct:
      - max-age=604800, report-uri="https://report-uri.cloudflare.com/cdn-cgi/beacon/expect-ct"
      Server:
      - cloudflare
      Cf-Ray:
      - 3f1986602a282fcf-MAA
    body:
      encoding: ASCII-8BIT
      string: '{"error":[],"result":{"XXBTZUSD":{"a":["10188.80000","1","1.000"],"b":["10182.00000","1","1.000"],"c":["10182.10000","0.00200000"],"v":["4868.07960037","14022.69202363"],"p":["9841.11031","9905.19907"],"t":[16067,44909],"l":["9550.90000","9550.90000"],"h":["10215.00000","10343.00000"],"o":"9842.40000"}}}'
    http_version: 
  recorded_at: Fri, 23 Feb 2018 10:33:06 GMT
- request:
    method: get
    uri: http://api.fixer.io/latest?base=USD
    body:
      encoding: US-ASCII
      string: ''
    headers:
      Accept-Encoding:
      - gzip;q=1.0,deflate;q=0.6,identity;q=0.3
      Accept:
      - "*/*"
      User-Agent:
      - Ruby
  response:
    status:
      code: 200
      message: OK
    headers:
      Server:
      - nginx/1.13.8
      Date:
      - Fri, 23 Feb 2018 10:33:06 GMT
      Content-Type:
      - application/json
      Content-Length:
      - '461'
      Connection:
      - keep-alive
      Cache-Control:
      - public, must-revalidate, max-age=900
      Last-Modified:
      - Thu, 22 Feb 2018 00:00:00 GMT
      Vary:
      - Origin
      X-Content-Type-Options:
      - nosniff
    body:
      encoding: UTF-8
      string: '{"base":"USD","date":"2018-02-22","rates":{"AUD":1.2788,"BGN":1.5932,"BRL":3.2705,"CAD":1.2699,"CHF":0.93744,"CNY":6.3608,"CZK":20.622,"DKK":6.0657,"EUR":0.8146,"GBP":0.71964,"HKD":7.8249,"HRK":6.0643,"HUF":254.72,"IDR":13711.0,"ILS":3.4975,"INR":65.078,"ISK":100.93,"JPY":107.1,"KRW":1084.5,"MXN":18.795,"MYR":3.9192,"NOK":7.8929,"NZD":1.3653,"PHP":52.062,"PLN":3.4066,"RON":3.7924,"RUB":56.755,"SEK":8.143,"SGD":1.3223,"THB":31.575,"TRY":3.7999,"ZAR":11.717}}'
    http_version: 
  recorded_at: Fri, 23 Feb 2018 10:33:07 GMT
- request:
    method: get
    uri: https://api.kraken.com/0/public/Ticker?pair=xbtusd
    body:
      encoding: US-ASCII
      string: ''
    headers:
      Accept-Encoding:
      - gzip;q=1.0,deflate;q=0.6,identity;q=0.3
      Accept:
      - "*/*"
      User-Agent:
      - Ruby
  response:
    status:
      code: 200
      message: OK
    headers:
      Date:
      - Fri, 23 Feb 2018 10:33:08 GMT
      Content-Type:
      - application/json; charset=utf-8
      Transfer-Encoding:
      - chunked
      Connection:
      - keep-alive
      Set-Cookie:
      - __cfduid=d6cfeffb67310fd9d3731dd2a9ab496291519381987; expires=Sat, 23-Feb-19
        10:33:07 GMT; path=/; domain=.kraken.com; HttpOnly
      Cache-Control:
      - public,max-age=2,smaxage=2
      Vary:
      - Accept-Encoding
      Cf-Cache-Status:
      - MISS
      Expect-Ct:
      - max-age=604800, report-uri="https://report-uri.cloudflare.com/cdn-cgi/beacon/expect-ct"
      Server:
      - cloudflare
      Cf-Ray:
      - 3f19866d09a78969-MAA
    body:
      encoding: ASCII-8BIT
      string: '{"error":[],"result":{"XXBTZUSD":{"a":["10188.80000","1","1.000"],"b":["10182.80000","4","4.000"],"c":["10182.80000","0.00800000"],"v":["5367.32724814","14022.70002363"],"p":["9831.11263","9905.20005"],"t":[17581,44910],"l":["9550.90000","9550.90000"],"h":["10215.00000","10343.00000"],"o":"9840.20000"}}}'
    http_version: 
  recorded_at: Fri, 23 Feb 2018 10:33:09 GMT
recorded_with: VCR 4.0.0
